<!DOCTYPE html>
<html>
<head>
    <meta charset="utf-8">
    <meta http-equiv="X-UA-Compatible" content="IE=edge">
    <meta name="viewport" content="width=device-width, initial-scale=1">
    <title>Open Bugs</title>
    <link rel="stylesheet" href="..\markbind\css\bootstrap.min.css">
    <link rel="stylesheet" href="..\markbind\css\github.min.css">
    <link rel="stylesheet" href="..\markbind\css\markbind.css">
</head>
<body>
<div id="app" class="container-fluid">
    <div>
  <navbar placement="top" type="inverse">
    <a slot="brand" href="/" title="Home" class="navbar-brand">Markbind Test Site</a>
    <li><a href="/test_site/bugs/index.html">Open Bugs</a></li>
  </navbar>
</div>
<div class="website-content">
  <h2 id="popover-initiated-by-trigger-honor-trigger-attribute">popover initiated by trigger: honor trigger attribute</h2>
  <p><a href="https://github.com/MarkBind/markbind/issues/49">Issue #49</a></p>
  <p>Repro:</p>
  <p>
    <trigger for="pop:xp-user-stories">Establishing Requirements</trigger>
  </p>
  <popover id="pop:xp-user-stories" trigger="click">
    <div slot="content">
      <div>
        <p>Requirements gathering, requirements elicitation, requirements analysis, requirements capture are some of the terms commonly <strong>and</strong> interchangeably used to represent the activity of understanding what a software product should do.</p>
      </div>
    </div>
  </popover>
  <h2 id="support-multiple-inclusions-of-a-modal">Support multiple inclusions of a modal</h2>
  <p><a href="https://github.com/MarkBind/markbind/issues/107">Issue #107</a></p>
  <p>Repro:</p>
  <div>
    <p>This is to reproduce
      <trigger trigger="click" for="modal:bugRepro">multiple inclusions of a modal bug</trigger>
    </p>
    <modal large="" title="Establishing Requirements" id="modal:bugRepro">
      <div>
        <p>Requirements gathering, requirements elicitation, requirements analysis, requirements capture are some of the terms commonly <strong>and</strong> interchangeably used to represent the activity of understanding what a software product should do.</p>
      </div>
    </modal>
  </div>
  <div>
    <p>This is to reproduce
      <trigger trigger="click" for="modal:bugRepro">multiple inclusions of a modal bug</trigger>
    </p>
    <modal large="" title="Establishing Requirements" id="modal:bugRepro">
      <div>
        <p>Requirements gathering, requirements elicitation, requirements analysis, requirements capture are some of the terms commonly <strong>and</strong> interchangeably used to represent the activity of understanding what a software product should do.</p>
      </div>
    </modal>
  </div>
  <h2 id="remove-extra-space-in-links">Remove extra space in links</h2>
  <p><a href="https://github.com/MarkBind/markbind/issues/147">Issue #147</a></p>
  <p>Repro:</p>
  <p>This is a link. [
    <a href="https://github.com">link text</a>]</p>
</div>
</div>
</body>
<script src="..\markbind\js\vue.min.js"></script>
<script src="..\markbind\js\vue-strap.min.js"></script>
<script src="..\markbind\js\setup.js"></script>
</html>
