<p>This is a HTML document</p>

<md>It is not **possible** to use Markdown in HTML</md>
